// Jest Snapshot v1, https://goo.gl/fbAQLP

exports[`Form component renders Form 1`] = `
<div
  className="Form"
>
  <form
    onSubmit={[Function]}
  >
    <div
      className="formLeft"
    >
      <input
        name="url"
        onChange={[Function]}
        placeholder="Enter URL"
        type="text"
        value=""
      />
      <div>
        <label>
          <input
            checked={false}
            name="method"
            onChange={[Function]}
            type="radio"
            value="GET"
          />
           GET 
        </label>
        <label>
          <input
            checked={false}
            name="method"
            onChange={[Function]}
            type="radio"
            value="POST"
          />
           POST 
        </label>
        <label>
          <input
            checked={false}
            name="method"
            onChange={[Function]}
            type="radio"
            value="PUT"
          />
           PUT 
        </label>
        <label>
          <input
            checked={false}
            name="method"
            onChange={[Function]}
            type="radio"
            value="PATCH"
          />
           PATCH 
        </label>
        <label>
          <input
            checked={false}
            name="method"
            onChange={[Function]}
            type="radio"
            value="DELETE"
          />
           DELETE 
        </label>
      </div>
      <textarea
        disabled={true}
        name="body"
        onChange={[Function]}
        placeholder="Enter JSON Body"
        value=""
      />
      <button
        type="submit"
      >
        Submit
      </button>
    </div>
    <div
      className="formRight"
    >
      <div
        className="authDiv"
      >
        <h3>
          Basic Auth
        </h3>
        <label>
          <input
            name="auth"
            onChange={[Function]}
            type="radio"
            value="basic"
          />
           ON 
        </label>
        <br />
        <input
          name="username"
          onChange={[Function]}
          placeholder="Username"
          type="text"
          value=""
        />
        <input
          name="password"
          onChange={[Function]}
          placeholder="Password"
          type="text"
          value=""
        />
      </div>
      <div
        className="tokenDiv"
      >
        <h3>
          Bearer Token
        </h3>
        <label>
          <input
            name="auth"
            onChange={[Function]}
            type="radio"
            value="bearer"
          />
           ON 
        </label>
        <br />
        <input
          name="token"
          onChange={[Function]}
          placeholder="Bearer Token"
          type="text"
          value=""
        />
      </div>
      <div
        className="extraDiv"
      >
        <label>
          <input
            name="auth"
            onChange={[Function]}
            type="radio"
            value="off"
          />
           NO AUTH 
        </label>
      </div>
    </div>
  </form>
</div>
`;
